
Error [ERR_IPC_DISCONNECTED]: IPC channel is already disconnected
    at new NodeError (node:internal/errors:372:5)
    at ChildProcess.disconnect (node:internal/child_process:892:26)
    at QueryProcessWrapper.destroy (C:\Users\Wills\OneDrive\Desktop\Programs\HTML5\CTL Showdown\pokemon-showdown-master\lib\process-manager.ts:204:16)
    at QueryProcessWrapper.release (C:\Users\Wills\OneDrive\Desktop\Programs\HTML5\CTL Showdown\pokemon-showdown-master\lib\process-manager.ts:190:9)
    at SQLDatabaseManager.releaseCrashed (C:\Users\Wills\OneDrive\Desktop\Programs\HTML5\CTL Showdown\pokemon-showdown-master\lib\process-manager.ts:458:16)
    at ChildProcess.<anonymous> (C:\Users\Wills\OneDrive\Desktop\Programs\HTML5\CTL Showdown\pokemon-showdown-master\lib\process-manager.ts:515:47)
    at ChildProcess.emit (node:events:527:28)
    at ChildProcess.emit (node:domain:475:12)
    at finish (node:internal/child_process:922:14)
    at processTicksAndRejections (node:internal/process/task_queues:78:11)

Error [ERR_IPC_DISCONNECTED]: IPC channel is already disconnected
    at new NodeError (node:internal/errors:372:5)
    at ChildProcess.disconnect (node:internal/child_process:892:26)
    at QueryProcessWrapper.destroy (C:\Users\Wills\OneDrive\Desktop\Programs\HTML5\CTL Showdown\pokemon-showdown-master\lib\process-manager.ts:204:16)
    at QueryProcessWrapper.release (C:\Users\Wills\OneDrive\Desktop\Programs\HTML5\CTL Showdown\pokemon-showdown-master\lib\process-manager.ts:190:9)
    at SQLDatabaseManager.releaseCrashed (C:\Users\Wills\OneDrive\Desktop\Programs\HTML5\CTL Showdown\pokemon-showdown-master\lib\process-manager.ts:458:16)
    at ChildProcess.<anonymous> (C:\Users\Wills\OneDrive\Desktop\Programs\HTML5\CTL Showdown\pokemon-showdown-master\lib\process-manager.ts:515:47)
    at ChildProcess.emit (node:events:527:28)
    at ChildProcess.emit (node:domain:475:12)
    at finish (node:internal/child_process:922:14)
    at processTicksAndRejections (node:internal/process/task_queues:78:11)

Error [ERR_IPC_DISCONNECTED]: IPC channel is already disconnected
    at new NodeError (node:internal/errors:372:5)
    at ChildProcess.disconnect (node:internal/child_process:892:26)
    at QueryProcessWrapper.destroy (C:\Users\Wills\OneDrive\Desktop\Programs\HTML5\CTL Showdown\pokemon-showdown-master\lib\process-manager.ts:204:16)
    at QueryProcessWrapper.release (C:\Users\Wills\OneDrive\Desktop\Programs\HTML5\CTL Showdown\pokemon-showdown-master\lib\process-manager.ts:190:9)
    at SQLDatabaseManager.releaseCrashed (C:\Users\Wills\OneDrive\Desktop\Programs\HTML5\CTL Showdown\pokemon-showdown-master\lib\process-manager.ts:458:16)
    at ChildProcess.<anonymous> (C:\Users\Wills\OneDrive\Desktop\Programs\HTML5\CTL Showdown\pokemon-showdown-master\lib\process-manager.ts:515:47)
    at ChildProcess.emit (node:events:527:28)
    at ChildProcess.emit (node:domain:475:12)
    at finish (node:internal/child_process:922:14)
    at processTicksAndRejections (node:internal/process/task_queues:78:11)

Error [ERR_IPC_DISCONNECTED]: IPC channel is already disconnected
    at new NodeError (node:internal/errors:372:5)
    at ChildProcess.disconnect (node:internal/child_process:892:26)
    at QueryProcessWrapper.destroy (C:\Users\Wills\OneDrive\Desktop\Programs\HTML5\CTL Showdown\pokemon-showdown-master\lib\process-manager.ts:204:16)
    at QueryProcessWrapper.release (C:\Users\Wills\OneDrive\Desktop\Programs\HTML5\CTL Showdown\pokemon-showdown-master\lib\process-manager.ts:190:9)
    at SQLDatabaseManager.releaseCrashed (C:\Users\Wills\OneDrive\Desktop\Programs\HTML5\CTL Showdown\pokemon-showdown-master\lib\process-manager.ts:458:16)
    at ChildProcess.<anonymous> (C:\Users\Wills\OneDrive\Desktop\Programs\HTML5\CTL Showdown\pokemon-showdown-master\lib\process-manager.ts:515:47)
    at ChildProcess.emit (node:events:527:28)
    at ChildProcess.emit (node:domain:475:12)
    at finish (node:internal/child_process:922:14)
    at processTicksAndRejections (node:internal/process/task_queues:78:11)

Error [ERR_IPC_DISCONNECTED]: IPC channel is already disconnected
    at new NodeError (node:internal/errors:372:5)
    at ChildProcess.disconnect (node:internal/child_process:892:26)
    at QueryProcessWrapper.destroy (C:\Users\Wills\OneDrive\Desktop\Programs\HTML5\CTL Showdown\pokemon-showdown-master\lib\process-manager.ts:204:16)
    at QueryProcessWrapper.release (C:\Users\Wills\OneDrive\Desktop\Programs\HTML5\CTL Showdown\pokemon-showdown-master\lib\process-manager.ts:190:9)
    at SQLDatabaseManager.releaseCrashed (C:\Users\Wills\OneDrive\Desktop\Programs\HTML5\CTL Showdown\pokemon-showdown-master\lib\process-manager.ts:458:16)
    at ChildProcess.<anonymous> (C:\Users\Wills\OneDrive\Desktop\Programs\HTML5\CTL Showdown\pokemon-showdown-master\lib\process-manager.ts:515:47)
    at ChildProcess.emit (node:events:527:28)
    at ChildProcess.emit (node:domain:475:12)
    at finish (node:internal/child_process:922:14)
    at processTicksAndRejections (node:internal/process/task_queues:78:11)

Error [ERR_IPC_DISCONNECTED]: IPC channel is already disconnected
    at new NodeError (node:internal/errors:372:5)
    at ChildProcess.disconnect (node:internal/child_process:892:26)
    at QueryProcessWrapper.destroy (C:\Users\Wills\OneDrive\Desktop\Programs\HTML5\CTL Showdown\pokemon-showdown-master\lib\process-manager.ts:204:16)
    at QueryProcessWrapper.release (C:\Users\Wills\OneDrive\Desktop\Programs\HTML5\CTL Showdown\pokemon-showdown-master\lib\process-manager.ts:190:9)
    at SQLDatabaseManager.releaseCrashed (C:\Users\Wills\OneDrive\Desktop\Programs\HTML5\CTL Showdown\pokemon-showdown-master\lib\process-manager.ts:458:16)
    at ChildProcess.<anonymous> (C:\Users\Wills\OneDrive\Desktop\Programs\HTML5\CTL Showdown\pokemon-showdown-master\lib\process-manager.ts:515:47)
    at ChildProcess.emit (node:events:527:28)
    at ChildProcess.emit (node:domain:475:12)
    at finish (node:internal/child_process:922:14)
    at processTicksAndRejections (node:internal/process/task_queues:78:11)

Error [ERR_IPC_DISCONNECTED]: IPC channel is already disconnected
    at new NodeError (node:internal/errors:372:5)
    at ChildProcess.disconnect (node:internal/child_process:892:26)
    at QueryProcessWrapper.destroy (C:\Users\Wills\OneDrive\Desktop\Programs\HTML5\CTL Showdown\pokemon-showdown-master\lib\process-manager.ts:204:16)
    at QueryProcessWrapper.release (C:\Users\Wills\OneDrive\Desktop\Programs\HTML5\CTL Showdown\pokemon-showdown-master\lib\process-manager.ts:190:9)
    at SQLDatabaseManager.releaseCrashed (C:\Users\Wills\OneDrive\Desktop\Programs\HTML5\CTL Showdown\pokemon-showdown-master\lib\process-manager.ts:458:16)
    at ChildProcess.<anonymous> (C:\Users\Wills\OneDrive\Desktop\Programs\HTML5\CTL Showdown\pokemon-showdown-master\lib\process-manager.ts:515:47)
    at ChildProcess.emit (node:events:527:28)
    at ChildProcess.emit (node:domain:475:12)
    at finish (node:internal/child_process:922:14)
    at processTicksAndRejections (node:internal/process/task_queues:78:11)

Error [ERR_IPC_DISCONNECTED]: IPC channel is already disconnected
    at new NodeError (node:internal/errors:372:5)
    at ChildProcess.disconnect (node:internal/child_process:892:26)
    at QueryProcessWrapper.destroy (C:\Users\Wills\OneDrive\Desktop\Programs\HTML5\CTL Showdown\pokemon-showdown-master\lib\process-manager.ts:204:16)
    at QueryProcessWrapper.release (C:\Users\Wills\OneDrive\Desktop\Programs\HTML5\CTL Showdown\pokemon-showdown-master\lib\process-manager.ts:190:9)
    at SQLDatabaseManager.releaseCrashed (C:\Users\Wills\OneDrive\Desktop\Programs\HTML5\CTL Showdown\pokemon-showdown-master\lib\process-manager.ts:458:16)
    at ChildProcess.<anonymous> (C:\Users\Wills\OneDrive\Desktop\Programs\HTML5\CTL Showdown\pokemon-showdown-master\lib\process-manager.ts:515:47)
    at ChildProcess.emit (node:events:527:28)
    at ChildProcess.emit (node:domain:475:12)
    at finish (node:internal/child_process:922:14)
    at processTicksAndRejections (node:internal/process/task_queues:78:11)

Error [ERR_IPC_DISCONNECTED]: IPC channel is already disconnected
    at new NodeError (node:internal/errors:372:5)
    at ChildProcess.disconnect (node:internal/child_process:892:26)
    at QueryProcessWrapper.destroy (C:\Users\Wills\OneDrive\Desktop\Programs\HTML5\CTL Showdown\pokemon-showdown-master\lib\process-manager.ts:204:16)
    at QueryProcessWrapper.release (C:\Users\Wills\OneDrive\Desktop\Programs\HTML5\CTL Showdown\pokemon-showdown-master\lib\process-manager.ts:190:9)
    at SQLDatabaseManager.releaseCrashed (C:\Users\Wills\OneDrive\Desktop\Programs\HTML5\CTL Showdown\pokemon-showdown-master\lib\process-manager.ts:458:16)
    at ChildProcess.<anonymous> (C:\Users\Wills\OneDrive\Desktop\Programs\HTML5\CTL Showdown\pokemon-showdown-master\lib\process-manager.ts:515:47)
    at ChildProcess.emit (node:events:527:28)
    at ChildProcess.emit (node:domain:475:12)
    at finish (node:internal/child_process:922:14)
    at processTicksAndRejections (node:internal/process/task_queues:78:11)

Error [ERR_IPC_DISCONNECTED]: IPC channel is already disconnected
    at new NodeError (node:internal/errors:372:5)
    at ChildProcess.disconnect (node:internal/child_process:892:26)
    at QueryProcessWrapper.destroy (C:\Users\Wills\OneDrive\Desktop\Programs\HTML5\CTL Showdown\pokemon-showdown-master\lib\process-manager.ts:204:16)
    at QueryProcessWrapper.release (C:\Users\Wills\OneDrive\Desktop\Programs\HTML5\CTL Showdown\pokemon-showdown-master\lib\process-manager.ts:190:9)
    at SQLDatabaseManager.releaseCrashed (C:\Users\Wills\OneDrive\Desktop\Programs\HTML5\CTL Showdown\pokemon-showdown-master\lib\process-manager.ts:458:16)
    at ChildProcess.<anonymous> (C:\Users\Wills\OneDrive\Desktop\Programs\HTML5\CTL Showdown\pokemon-showdown-master\lib\process-manager.ts:515:47)
    at ChildProcess.emit (node:events:527:28)
    at ChildProcess.emit (node:domain:475:12)
    at finish (node:internal/child_process:922:14)
    at processTicksAndRejections (node:internal/process/task_queues:78:11)

Error: Nothing matches "Abomasite"
    at DexFormats.validateBanRule (C:\Users\Wills\OneDrive\Desktop\Programs\HTML5\CTL Showdown\pokemon-showdown-master\sim\dex-formats.ts:936:10)
    at DexFormats.validateRule (C:\Users\Wills\OneDrive\Desktop\Programs\HTML5\CTL Showdown\pokemon-showdown-master\sim\dex-formats.ts:858:33)
    at DexFormats.getRuleTable (C:\Users\Wills\OneDrive\Desktop\Programs\HTML5\CTL Showdown\pokemon-showdown-master\sim\dex-formats.ts:670:26)
    at GlobalRoomState.formatListText (C:\Users\Wills\OneDrive\Desktop\Programs\HTML5\CTL Showdown\pokemon-showdown-master\server\rooms.ts:1342:34)
    at GlobalRoomState.handleConnect (C:\Users\Wills\OneDrive\Desktop\Programs\HTML5\CTL Showdown\pokemon-showdown-master\server\rooms.ts:1580:80)
    at Object.socketConnect (C:\Users\Wills\OneDrive\Desktop\Programs\HTML5\CTL Showdown\pokemon-showdown-master\server\users.ts:1618:15)
    at Object.onSpawn (C:\Users\Wills\OneDrive\Desktop\Programs\HTML5\CTL Showdown\pokemon-showdown-master\server\sockets.ts:34:11)
    at processTicksAndRejections (node:internal/process/task_queues:96:5)

Error [ERR_IPC_DISCONNECTED]: IPC channel is already disconnected
    at new NodeError (node:internal/errors:372:5)
    at ChildProcess.disconnect (node:internal/child_process:892:26)
    at QueryProcessWrapper.destroy (C:\Users\Wills\OneDrive\Desktop\Programs\HTML5\CTL Showdown\pokemon-showdown-master\lib\process-manager.ts:204:16)
    at QueryProcessWrapper.release (C:\Users\Wills\OneDrive\Desktop\Programs\HTML5\CTL Showdown\pokemon-showdown-master\lib\process-manager.ts:190:9)
    at SQLDatabaseManager.releaseCrashed (C:\Users\Wills\OneDrive\Desktop\Programs\HTML5\CTL Showdown\pokemon-showdown-master\lib\process-manager.ts:458:16)
    at ChildProcess.<anonymous> (C:\Users\Wills\OneDrive\Desktop\Programs\HTML5\CTL Showdown\pokemon-showdown-master\lib\process-manager.ts:515:47)
    at ChildProcess.emit (node:events:527:28)
    at ChildProcess.emit (node:domain:475:12)
    at finish (node:internal/child_process:922:14)
    at processTicksAndRejections (node:internal/process/task_queues:78:11)

Error: Nothing matches "Abomasite"
    at DexFormats.validateBanRule (C:\Users\Wills\OneDrive\Desktop\Programs\HTML5\CTL Showdown\pokemon-showdown-master\sim\dex-formats.ts:936:10)
    at DexFormats.validateRule (C:\Users\Wills\OneDrive\Desktop\Programs\HTML5\CTL Showdown\pokemon-showdown-master\sim\dex-formats.ts:858:33)
    at DexFormats.getRuleTable (C:\Users\Wills\OneDrive\Desktop\Programs\HTML5\CTL Showdown\pokemon-showdown-master\sim\dex-formats.ts:670:26)
    at GlobalRoomState.formatListText (C:\Users\Wills\OneDrive\Desktop\Programs\HTML5\CTL Showdown\pokemon-showdown-master\server\rooms.ts:1342:34)
    at GlobalRoomState.handleConnect (C:\Users\Wills\OneDrive\Desktop\Programs\HTML5\CTL Showdown\pokemon-showdown-master\server\rooms.ts:1580:80)
    at Object.socketConnect (C:\Users\Wills\OneDrive\Desktop\Programs\HTML5\CTL Showdown\pokemon-showdown-master\server\users.ts:1618:15)
    at Object.onSpawn (C:\Users\Wills\OneDrive\Desktop\Programs\HTML5\CTL Showdown\pokemon-showdown-master\server\sockets.ts:34:11)
    at processTicksAndRejections (node:internal/process/task_queues:96:5)

Error: Nothing matches "Abomasite"
    at DexFormats.validateBanRule (C:\Users\Wills\OneDrive\Desktop\Programs\HTML5\CTL Showdown\pokemon-showdown-master\sim\dex-formats.ts:936:10)
    at DexFormats.validateRule (C:\Users\Wills\OneDrive\Desktop\Programs\HTML5\CTL Showdown\pokemon-showdown-master\sim\dex-formats.ts:858:33)
    at DexFormats.getRuleTable (C:\Users\Wills\OneDrive\Desktop\Programs\HTML5\CTL Showdown\pokemon-showdown-master\sim\dex-formats.ts:670:26)
    at GlobalRoomState.formatListText (C:\Users\Wills\OneDrive\Desktop\Programs\HTML5\CTL Showdown\pokemon-showdown-master\server\rooms.ts:1342:34)
    at GlobalRoomState.handleConnect (C:\Users\Wills\OneDrive\Desktop\Programs\HTML5\CTL Showdown\pokemon-showdown-master\server\rooms.ts:1580:80)
    at Object.socketConnect (C:\Users\Wills\OneDrive\Desktop\Programs\HTML5\CTL Showdown\pokemon-showdown-master\server\users.ts:1618:15)
    at Object.onSpawn (C:\Users\Wills\OneDrive\Desktop\Programs\HTML5\CTL Showdown\pokemon-showdown-master\server\sockets.ts:34:11)
    at processTicksAndRejections (node:internal/process/task_queues:96:5)

Error [ERR_IPC_DISCONNECTED]: IPC channel is already disconnected
    at new NodeError (node:internal/errors:372:5)
    at ChildProcess.disconnect (node:internal/child_process:892:26)
    at QueryProcessWrapper.destroy (C:\Users\Wills\OneDrive\Desktop\Programs\HTML5\CTL Showdown\pokemon-showdown-master\lib\process-manager.ts:204:16)
    at QueryProcessWrapper.release (C:\Users\Wills\OneDrive\Desktop\Programs\HTML5\CTL Showdown\pokemon-showdown-master\lib\process-manager.ts:190:9)
    at QueryProcessManager.releaseCrashed (C:\Users\Wills\OneDrive\Desktop\Programs\HTML5\CTL Showdown\pokemon-showdown-master\lib\process-manager.ts:458:16)
    at ChildProcess.<anonymous> (C:\Users\Wills\OneDrive\Desktop\Programs\HTML5\CTL Showdown\pokemon-showdown-master\lib\process-manager.ts:515:47)
    at ChildProcess.emit (node:events:527:28)
    at ChildProcess.emit (node:domain:475:12)
    at finish (node:internal/child_process:922:14)
    at processTicksAndRejections (node:internal/process/task_queues:78:11)

TypeError: Cannot read properties of null (reading 'then')
    at RawProcessManager.releaseCrashed (C:\Users\Wills\OneDrive\Desktop\Programs\HTML5\CTL Showdown\pokemon-showdown-master\lib\process-manager.ts:458:25)
    at Worker.<anonymous> (C:\Users\Wills\OneDrive\Desktop\Programs\HTML5\CTL Showdown\pokemon-showdown-master\lib\process-manager.ts:515:47)
    at Worker.emit (node:events:527:28)
    at Worker.emit (node:domain:475:12)
    at ChildProcess.<anonymous> (node:internal/cluster/primary:224:12)
    at Object.onceWrapper (node:events:641:28)
    at ChildProcess.emit (node:events:527:28)
    at ChildProcess.emit (node:domain:475:12)
    at finish (node:internal/child_process:922:14)
    at processTicksAndRejections (node:internal/process/task_queues:78:11)

Error [ERR_IPC_DISCONNECTED]: IPC channel is already disconnected
    at new NodeError (node:internal/errors:372:5)
    at ChildProcess.disconnect (node:internal/child_process:892:26)
    at QueryProcessWrapper.destroy (C:\Users\Wills\OneDrive\Desktop\Programs\HTML5\CTL Showdown\pokemon-showdown-master\lib\process-manager.ts:204:16)
    at QueryProcessWrapper.release (C:\Users\Wills\OneDrive\Desktop\Programs\HTML5\CTL Showdown\pokemon-showdown-master\lib\process-manager.ts:190:9)
    at QueryProcessManager.releaseCrashed (C:\Users\Wills\OneDrive\Desktop\Programs\HTML5\CTL Showdown\pokemon-showdown-master\lib\process-manager.ts:458:16)
    at ChildProcess.<anonymous> (C:\Users\Wills\OneDrive\Desktop\Programs\HTML5\CTL Showdown\pokemon-showdown-master\lib\process-manager.ts:515:47)
    at ChildProcess.emit (node:events:527:28)
    at ChildProcess.emit (node:domain:475:12)
    at finish (node:internal/child_process:922:14)
    at processTicksAndRejections (node:internal/process/task_queues:78:11)

Error [ERR_IPC_DISCONNECTED]: IPC channel is already disconnected
    at new NodeError (node:internal/errors:372:5)
    at ChildProcess.disconnect (node:internal/child_process:892:26)
    at StreamProcessWrapper.destroy (C:\Users\Wills\OneDrive\Desktop\Programs\HTML5\CTL Showdown\pokemon-showdown-master\lib\process-manager.ts:321:16)
    at StreamProcessWrapper.release (C:\Users\Wills\OneDrive\Desktop\Programs\HTML5\CTL Showdown\pokemon-showdown-master\lib\process-manager.ts:307:14)
    at StreamProcessManager.releaseCrashed (C:\Users\Wills\OneDrive\Desktop\Programs\HTML5\CTL Showdown\pokemon-showdown-master\lib\process-manager.ts:458:16)
    at ChildProcess.<anonymous> (C:\Users\Wills\OneDrive\Desktop\Programs\HTML5\CTL Showdown\pokemon-showdown-master\lib\process-manager.ts:515:47)
    at ChildProcess.emit (node:events:527:28)
    at ChildProcess.emit (node:domain:475:12)
    at finish (node:internal/child_process:922:14)
    at processTicksAndRejections (node:internal/process/task_queues:78:11)

Error [ERR_IPC_DISCONNECTED]: IPC channel is already disconnected
    at new NodeError (node:internal/errors:372:5)
    at ChildProcess.disconnect (node:internal/child_process:892:26)
    at QueryProcessWrapper.destroy (C:\Users\Wills\OneDrive\Desktop\Programs\HTML5\CTL Showdown\pokemon-showdown-master\lib\process-manager.ts:204:16)
    at QueryProcessWrapper.release (C:\Users\Wills\OneDrive\Desktop\Programs\HTML5\CTL Showdown\pokemon-showdown-master\lib\process-manager.ts:190:9)
    at SQLDatabaseManager.releaseCrashed (C:\Users\Wills\OneDrive\Desktop\Programs\HTML5\CTL Showdown\pokemon-showdown-master\lib\process-manager.ts:458:16)
    at ChildProcess.<anonymous> (C:\Users\Wills\OneDrive\Desktop\Programs\HTML5\CTL Showdown\pokemon-showdown-master\lib\process-manager.ts:515:47)
    at ChildProcess.emit (node:events:527:28)
    at ChildProcess.emit (node:domain:475:12)
    at finish (node:internal/child_process:922:14)
    at processTicksAndRejections (node:internal/process/task_queues:78:11)

Error [ERR_IPC_DISCONNECTED]: IPC channel is already disconnected
    at new NodeError (node:internal/errors:372:5)
    at ChildProcess.disconnect (node:internal/child_process:892:26)
    at QueryProcessWrapper.destroy (C:\Users\Wills\OneDrive\Desktop\Programs\HTML5\CTL Showdown\pokemon-showdown-master\lib\process-manager.ts:204:16)
    at QueryProcessWrapper.release (C:\Users\Wills\OneDrive\Desktop\Programs\HTML5\CTL Showdown\pokemon-showdown-master\lib\process-manager.ts:190:9)
    at QueryProcessManager.releaseCrashed (C:\Users\Wills\OneDrive\Desktop\Programs\HTML5\CTL Showdown\pokemon-showdown-master\lib\process-manager.ts:458:16)
    at ChildProcess.<anonymous> (C:\Users\Wills\OneDrive\Desktop\Programs\HTML5\CTL Showdown\pokemon-showdown-master\lib\process-manager.ts:515:47)
    at ChildProcess.emit (node:events:527:28)
    at ChildProcess.emit (node:domain:475:12)
    at finish (node:internal/child_process:922:14)
    at processTicksAndRejections (node:internal/process/task_queues:78:11)

Error [ERR_IPC_DISCONNECTED]: IPC channel is already disconnected
    at new NodeError (node:internal/errors:372:5)
    at ChildProcess.disconnect (node:internal/child_process:892:26)
    at StreamProcessWrapper.destroy (C:\Users\Wills\OneDrive\Desktop\Programs\HTML5\CTL Showdown\pokemon-showdown-master\lib\process-manager.ts:321:16)
    at StreamProcessWrapper.release (C:\Users\Wills\OneDrive\Desktop\Programs\HTML5\CTL Showdown\pokemon-showdown-master\lib\process-manager.ts:307:14)
    at StreamProcessManager.releaseCrashed (C:\Users\Wills\OneDrive\Desktop\Programs\HTML5\CTL Showdown\pokemon-showdown-master\lib\process-manager.ts:458:16)
    at ChildProcess.<anonymous> (C:\Users\Wills\OneDrive\Desktop\Programs\HTML5\CTL Showdown\pokemon-showdown-master\lib\process-manager.ts:515:47)
    at ChildProcess.emit (node:events:527:28)
    at ChildProcess.emit (node:domain:475:12)
    at finish (node:internal/child_process:922:14)
    at processTicksAndRejections (node:internal/process/task_queues:78:11)

Error [ERR_IPC_DISCONNECTED]: IPC channel is already disconnected
    at new NodeError (node:internal/errors:372:5)
    at ChildProcess.disconnect (node:internal/child_process:892:26)
    at QueryProcessWrapper.destroy (C:\Users\Wills\OneDrive\Desktop\Programs\HTML5\CTL Showdown\pokemon-showdown-master\lib\process-manager.ts:204:16)
    at QueryProcessWrapper.release (C:\Users\Wills\OneDrive\Desktop\Programs\HTML5\CTL Showdown\pokemon-showdown-master\lib\process-manager.ts:190:9)
    at QueryProcessManager.releaseCrashed (C:\Users\Wills\OneDrive\Desktop\Programs\HTML5\CTL Showdown\pokemon-showdown-master\lib\process-manager.ts:458:16)
    at ChildProcess.<anonymous> (C:\Users\Wills\OneDrive\Desktop\Programs\HTML5\CTL Showdown\pokemon-showdown-master\lib\process-manager.ts:515:47)
    at ChildProcess.emit (node:events:527:28)
    at ChildProcess.emit (node:domain:475:12)
    at finish (node:internal/child_process:922:14)
    at processTicksAndRejections (node:internal/process/task_queues:78:11)

Error [ERR_IPC_DISCONNECTED]: IPC channel is already disconnected
    at new NodeError (node:internal/errors:372:5)
    at ChildProcess.disconnect (node:internal/child_process:892:26)
    at QueryProcessWrapper.destroy (C:\Users\Wills\OneDrive\Desktop\Programs\HTML5\CTL Showdown\pokemon-showdown-master\lib\process-manager.ts:204:16)
    at QueryProcessWrapper.release (C:\Users\Wills\OneDrive\Desktop\Programs\HTML5\CTL Showdown\pokemon-showdown-master\lib\process-manager.ts:190:9)
    at QueryProcessManager.releaseCrashed (C:\Users\Wills\OneDrive\Desktop\Programs\HTML5\CTL Showdown\pokemon-showdown-master\lib\process-manager.ts:458:16)
    at ChildProcess.<anonymous> (C:\Users\Wills\OneDrive\Desktop\Programs\HTML5\CTL Showdown\pokemon-showdown-master\lib\process-manager.ts:515:47)
    at ChildProcess.emit (node:events:527:28)
    at ChildProcess.emit (node:domain:475:12)
    at finish (node:internal/child_process:922:14)
    at processTicksAndRejections (node:internal/process/task_queues:78:11)

Error: Format #25 has a duplicate ID: 'gen8randombattle'
    at DexFormats.load (C:\Users\Wills\OneDrive\Desktop\Programs\HTML5\CTL Showdown\pokemon-showdown-master\sim\dex-formats.ts:539:41)
    at DexFormats.all (C:\Users\Wills\OneDrive\Desktop\Programs\HTML5\CTL Showdown\pokemon-showdown-master\sim\dex-formats.ts:625:8)
    at GlobalRoomState.formatListText (C:\Users\Wills\OneDrive\Desktop\Programs\HTML5\CTL Showdown\pokemon-showdown-master\server\rooms.ts:1326:36)
    at GlobalRoomState.handleConnect (C:\Users\Wills\OneDrive\Desktop\Programs\HTML5\CTL Showdown\pokemon-showdown-master\server\rooms.ts:1580:80)
    at Object.socketConnect (C:\Users\Wills\OneDrive\Desktop\Programs\HTML5\CTL Showdown\pokemon-showdown-master\server\users.ts:1618:15)
    at Object.onSpawn (C:\Users\Wills\OneDrive\Desktop\Programs\HTML5\CTL Showdown\pokemon-showdown-master\server\sockets.ts:34:11)
    at processTicksAndRejections (node:internal/process/task_queues:96:5)

Error [ERR_IPC_DISCONNECTED]: IPC channel is already disconnected
    at new NodeError (node:internal/errors:372:5)
    at ChildProcess.disconnect (node:internal/child_process:892:26)
    at QueryProcessWrapper.destroy (C:\Users\Wills\OneDrive\Desktop\Programs\HTML5\CTL Showdown\pokemon-showdown-master\lib\process-manager.ts:204:16)
    at QueryProcessWrapper.release (C:\Users\Wills\OneDrive\Desktop\Programs\HTML5\CTL Showdown\pokemon-showdown-master\lib\process-manager.ts:190:9)
    at QueryProcessManager.releaseCrashed (C:\Users\Wills\OneDrive\Desktop\Programs\HTML5\CTL Showdown\pokemon-showdown-master\lib\process-manager.ts:458:16)
    at ChildProcess.<anonymous> (C:\Users\Wills\OneDrive\Desktop\Programs\HTML5\CTL Showdown\pokemon-showdown-master\lib\process-manager.ts:515:47)
    at ChildProcess.emit (node:events:527:28)
    at ChildProcess.emit (node:domain:475:12)
    at finish (node:internal/child_process:922:14)
    at processTicksAndRejections (node:internal/process/task_queues:78:11)

Error: Format #25 has a duplicate ID: 'gen8randombattle'
    at DexFormats.load (C:\Users\Wills\OneDrive\Desktop\Programs\HTML5\CTL Showdown\pokemon-showdown-master\sim\dex-formats.ts:539:41)
    at DexFormats.all (C:\Users\Wills\OneDrive\Desktop\Programs\HTML5\CTL Showdown\pokemon-showdown-master\sim\dex-formats.ts:625:8)
    at GlobalRoomState.formatListText (C:\Users\Wills\OneDrive\Desktop\Programs\HTML5\CTL Showdown\pokemon-showdown-master\server\rooms.ts:1326:36)
    at GlobalRoomState.handleConnect (C:\Users\Wills\OneDrive\Desktop\Programs\HTML5\CTL Showdown\pokemon-showdown-master\server\rooms.ts:1580:80)
    at Object.socketConnect (C:\Users\Wills\OneDrive\Desktop\Programs\HTML5\CTL Showdown\pokemon-showdown-master\server\users.ts:1618:15)
    at Object.onSpawn (C:\Users\Wills\OneDrive\Desktop\Programs\HTML5\CTL Showdown\pokemon-showdown-master\server\sockets.ts:34:11)
    at processTicksAndRejections (node:internal/process/task_queues:96:5)

Error [ERR_IPC_DISCONNECTED]: IPC channel is already disconnected
    at new NodeError (node:internal/errors:372:5)
    at ChildProcess.disconnect (node:internal/child_process:892:26)
    at QueryProcessWrapper.destroy (C:\Users\Wills\OneDrive\Desktop\Programs\HTML5\CTL Showdown\pokemon-showdown-master\lib\process-manager.ts:204:16)
    at QueryProcessWrapper.release (C:\Users\Wills\OneDrive\Desktop\Programs\HTML5\CTL Showdown\pokemon-showdown-master\lib\process-manager.ts:190:9)
    at QueryProcessManager.releaseCrashed (C:\Users\Wills\OneDrive\Desktop\Programs\HTML5\CTL Showdown\pokemon-showdown-master\lib\process-manager.ts:458:16)
    at ChildProcess.<anonymous> (C:\Users\Wills\OneDrive\Desktop\Programs\HTML5\CTL Showdown\pokemon-showdown-master\lib\process-manager.ts:515:47)
    at ChildProcess.emit (node:events:527:28)
    at ChildProcess.emit (node:domain:475:12)
    at finish (node:internal/child_process:922:14)
    at processTicksAndRejections (node:internal/process/task_queues:78:11)

Error: Nothing matches "Hypnosis"
    at DexFormats.validateBanRule (C:\Users\Wills\OneDrive\Desktop\Programs\HTML5\CTL Showdown\pokemon-showdown-master\sim\dex-formats.ts:936:10)
    at map (C:\Users\Wills\OneDrive\Desktop\Programs\HTML5\CTL Showdown\pokemon-showdown-master\sim\dex-formats.ts:848:41)
    at Array.map (<anonymous>)
    at DexFormats.validateRule (C:\Users\Wills\OneDrive\Desktop\Programs\HTML5\CTL Showdown\pokemon-showdown-master\sim\dex-formats.ts:848:27)
    at DexFormats.getRuleTable (C:\Users\Wills\OneDrive\Desktop\Programs\HTML5\CTL Showdown\pokemon-showdown-master\sim\dex-formats.ts:670:26)
    at DexFormats.getRuleTable (C:\Users\Wills\OneDrive\Desktop\Programs\HTML5\CTL Showdown\pokemon-showdown-master\sim\dex-formats.ts:765:30)
    at GlobalRoomState.formatListText (C:\Users\Wills\OneDrive\Desktop\Programs\HTML5\CTL Showdown\pokemon-showdown-master\server\rooms.ts:1342:34)
    at GlobalRoomState.handleConnect (C:\Users\Wills\OneDrive\Desktop\Programs\HTML5\CTL Showdown\pokemon-showdown-master\server\rooms.ts:1580:80)
    at Object.socketConnect (C:\Users\Wills\OneDrive\Desktop\Programs\HTML5\CTL Showdown\pokemon-showdown-master\server\users.ts:1618:15)
    at Object.onSpawn (C:\Users\Wills\OneDrive\Desktop\Programs\HTML5\CTL Showdown\pokemon-showdown-master\server\sockets.ts:34:11)

Error: Nothing matches "Corsola-Galar"
    at DexFormats.validateBanRule (C:\Users\Wills\OneDrive\Desktop\Programs\HTML5\CTL Showdown\pokemon-showdown-master\sim\dex-formats.ts:936:10)
    at DexFormats.validateRule (C:\Users\Wills\OneDrive\Desktop\Programs\HTML5\CTL Showdown\pokemon-showdown-master\sim\dex-formats.ts:858:33)
    at DexFormats.getRuleTable (C:\Users\Wills\OneDrive\Desktop\Programs\HTML5\CTL Showdown\pokemon-showdown-master\sim\dex-formats.ts:670:26)
    at GlobalRoomState.formatListText (C:\Users\Wills\OneDrive\Desktop\Programs\HTML5\CTL Showdown\pokemon-showdown-master\server\rooms.ts:1342:34)
    at GlobalRoomState.handleConnect (C:\Users\Wills\OneDrive\Desktop\Programs\HTML5\CTL Showdown\pokemon-showdown-master\server\rooms.ts:1580:80)
    at Object.socketConnect (C:\Users\Wills\OneDrive\Desktop\Programs\HTML5\CTL Showdown\pokemon-showdown-master\server\users.ts:1618:15)
    at Object.onSpawn (C:\Users\Wills\OneDrive\Desktop\Programs\HTML5\CTL Showdown\pokemon-showdown-master\server\sockets.ts:34:11)
    at processTicksAndRejections (node:internal/process/task_queues:96:5)
